
> arcer-certificates@0.1.0 build
> next build

  Γû▓ Next.js 14.2.18
  - Environments: .env.local

   Creating an optimized production build ...
 Γ£ô Compiled successfully
   Linting and checking validity of types ...
   Collecting page data ...
   Generating static pages (0/11) ...
   Generating static pages (2/11) 
   Generating static pages (5/11) 
   Generating static pages (8/11) 
 Γ£ô Generating static pages (11/11)
   Finalizing page optimization ...
   Collecting build traces ...

Route (app)                              Size     First Load JS
Γöî ╞Æ /                                    11.2 kB         161 kB
Γö£ Γùï /_not-found                          142 B          87.4 kB
Γö£ ╞Æ /admin                               178 B          94.2 kB
Γö£ ╞Æ /admin/bulletin                      2.45 kB         173 kB
Γö£ ╞Æ /admin/bulletin/[id]/edit            147 B           163 kB
Γö£ ╞Æ /admin/bulletin/new                  146 B           163 kB
Γö£ ╞Æ /admin/login                         2.31 kB         159 kB
Γö£ ╞Æ /admin/students                      4.09 kB         179 kB
Γö£ ╞Æ /admin/students/[id]/edit            4.89 kB         167 kB
Γö£ ╞Æ /admin/students/new                  4.87 kB         167 kB
Γö£ ╞Æ /api/qr/[id]                         0 B                0 B
Γö£ ╞Æ /students                            5.42 kB         143 kB
Γö£ ╞Æ /students/[id]                       3.88 kB         159 kB
Γöö ╞Æ /verify/[id]                         1.38 kB         132 kB
+ First Load JS shared by all            87.2 kB
  Γö£ chunks/117-d45ea75f6c73ad8c.js       31.6 kB
  Γö£ chunks/fd9d1056-796f5f0836d7e441.js  53.6 kB
  Γöö other shared chunks (total)          1.99 kB


╞Æ Middleware                             73.9 kB

Γùï  (Static)   prerendered as static content
╞Æ  (Dynamic)  server-rendered on demand

