
> arcer-certificates@0.1.0 build
> next build

  Γû▓ Next.js 14.2.18
  - Environments: .env.local

   Creating an optimized production build ...
node.exe : Failed to 
compile.
At C:\Program Files\nod
ejs\npm.ps1:29 char:3
+   & $NODE_EXE 
$NPM_CLI_JS $args
+   ~~~~~~~~~~~~~~~~~~~
~~~~~~~~~~
    + CategoryInfo     
         : NotSpecifi  
  ed: (Failed to com   
 pile.:String) [],     
RemoteException
    + FullyQualifiedEr 
   rorId : NativeComm  
  andError
 

./src/components/delete
-student-dialog.tsx
Module not found: 
Can't resolve '@radix-u
i/react-alert-dialog'

https://nextjs.org/docs
/messages/module-not-fo
und


> Build failed because 
of webpack errors
